------------------------------------------------------------
Timing Analyzer Summary
------------------------------------------------------------

Type  : Slow 1200mV 85C Model Setup 'clk'
Slack : -9.397
TNS   : -2348.088

Type  : Slow 1200mV 85C Model Setup 'dip_sw[0]'
Slack : -2.072
TNS   : -14.912

Type  : Slow 1200mV 85C Model Setup 'debouncer_clk:sw2|clk_div:U0|myclk'
Slack : -0.200
TNS   : -0.200

Type  : Slow 1200mV 85C Model Setup 'debouncer_clk:sw1|clk_div:U0|myclk'
Slack : 0.009
TNS   : 0.000

Type  : Slow 1200mV 85C Model Setup 'debouncer_clk:sw3|clk_div:U0|myclk'
Slack : 0.010
TNS   : 0.000

Type  : Slow 1200mV 85C Model Setup 'debouncer_clk:sw0|clk_div:U0|myclk'
Slack : 0.012
TNS   : 0.000

Type  : Slow 1200mV 85C Model Setup 'en_clk:U0|en_1hz'
Slack : 0.114
TNS   : 0.000

Type  : Slow 1200mV 85C Model Hold 'clk'
Slack : 0.452
TNS   : 0.000

Type  : Slow 1200mV 85C Model Hold 'en_clk:U0|en_1hz'
Slack : 0.497
TNS   : 0.000

Type  : Slow 1200mV 85C Model Hold 'dip_sw[0]'
Slack : 0.507
TNS   : 0.000

Type  : Slow 1200mV 85C Model Hold 'debouncer_clk:sw0|clk_div:U0|myclk'
Slack : 0.527
TNS   : 0.000

Type  : Slow 1200mV 85C Model Hold 'debouncer_clk:sw3|clk_div:U0|myclk'
Slack : 0.528
TNS   : 0.000

Type  : Slow 1200mV 85C Model Hold 'debouncer_clk:sw1|clk_div:U0|myclk'
Slack : 0.529
TNS   : 0.000

Type  : Slow 1200mV 85C Model Hold 'debouncer_clk:sw2|clk_div:U0|myclk'
Slack : 0.726
TNS   : 0.000

Type  : Slow 1200mV 85C Model Minimum Pulse Width 'clk'
Slack : -3.000
TNS   : -893.713

Type  : Slow 1200mV 85C Model Minimum Pulse Width 'dip_sw[0]'
Slack : -3.000
TNS   : -3.000

Type  : Slow 1200mV 85C Model Minimum Pulse Width 'debouncer_clk:sw0|clk_div:U0|myclk'
Slack : -1.487
TNS   : -2.974

Type  : Slow 1200mV 85C Model Minimum Pulse Width 'debouncer_clk:sw1|clk_div:U0|myclk'
Slack : -1.487
TNS   : -2.974

Type  : Slow 1200mV 85C Model Minimum Pulse Width 'debouncer_clk:sw2|clk_div:U0|myclk'
Slack : -1.487
TNS   : -2.974

Type  : Slow 1200mV 85C Model Minimum Pulse Width 'debouncer_clk:sw3|clk_div:U0|myclk'
Slack : -1.487
TNS   : -2.974

Type  : Slow 1200mV 85C Model Minimum Pulse Width 'en_clk:U0|en_1hz'
Slack : -1.487
TNS   : -1.487

Type  : Slow 1200mV 0C Model Setup 'clk'
Slack : -8.575
TNS   : -2156.292

Type  : Slow 1200mV 0C Model Setup 'dip_sw[0]'
Slack : -2.074
TNS   : -14.387

Type  : Slow 1200mV 0C Model Setup 'debouncer_clk:sw2|clk_div:U0|myclk'
Slack : -0.098
TNS   : -0.098

Type  : Slow 1200mV 0C Model Setup 'debouncer_clk:sw1|clk_div:U0|myclk'
Slack : 0.110
TNS   : 0.000

Type  : Slow 1200mV 0C Model Setup 'debouncer_clk:sw3|clk_div:U0|myclk'
Slack : 0.110
TNS   : 0.000

Type  : Slow 1200mV 0C Model Setup 'debouncer_clk:sw0|clk_div:U0|myclk'
Slack : 0.112
TNS   : 0.000

Type  : Slow 1200mV 0C Model Setup 'en_clk:U0|en_1hz'
Slack : 0.208
TNS   : 0.000

Type  : Slow 1200mV 0C Model Hold 'clk'
Slack : 0.400
TNS   : 0.000

Type  : Slow 1200mV 0C Model Hold 'dip_sw[0]'
Slack : 0.415
TNS   : 0.000

Type  : Slow 1200mV 0C Model Hold 'en_clk:U0|en_1hz'
Slack : 0.445
TNS   : 0.000

Type  : Slow 1200mV 0C Model Hold 'debouncer_clk:sw0|clk_div:U0|myclk'
Slack : 0.493
TNS   : 0.000

Type  : Slow 1200mV 0C Model Hold 'debouncer_clk:sw3|clk_div:U0|myclk'
Slack : 0.494
TNS   : 0.000

Type  : Slow 1200mV 0C Model Hold 'debouncer_clk:sw1|clk_div:U0|myclk'
Slack : 0.496
TNS   : 0.000

Type  : Slow 1200mV 0C Model Hold 'debouncer_clk:sw2|clk_div:U0|myclk'
Slack : 0.669
TNS   : 0.000

Type  : Slow 1200mV 0C Model Minimum Pulse Width 'clk'
Slack : -3.000
TNS   : -893.713

Type  : Slow 1200mV 0C Model Minimum Pulse Width 'dip_sw[0]'
Slack : -3.000
TNS   : -3.000

Type  : Slow 1200mV 0C Model Minimum Pulse Width 'debouncer_clk:sw0|clk_div:U0|myclk'
Slack : -1.487
TNS   : -2.974

Type  : Slow 1200mV 0C Model Minimum Pulse Width 'debouncer_clk:sw1|clk_div:U0|myclk'
Slack : -1.487
TNS   : -2.974

Type  : Slow 1200mV 0C Model Minimum Pulse Width 'debouncer_clk:sw2|clk_div:U0|myclk'
Slack : -1.487
TNS   : -2.974

Type  : Slow 1200mV 0C Model Minimum Pulse Width 'debouncer_clk:sw3|clk_div:U0|myclk'
Slack : -1.487
TNS   : -2.974

Type  : Slow 1200mV 0C Model Minimum Pulse Width 'en_clk:U0|en_1hz'
Slack : -1.487
TNS   : -1.487

Type  : Fast 1200mV 0C Model Setup 'clk'
Slack : -3.430
TNS   : -750.206

Type  : Fast 1200mV 0C Model Setup 'dip_sw[0]'
Slack : -0.337
TNS   : -2.127

Type  : Fast 1200mV 0C Model Setup 'debouncer_clk:sw2|clk_div:U0|myclk'
Slack : 0.499
TNS   : 0.000

Type  : Fast 1200mV 0C Model Setup 'debouncer_clk:sw1|clk_div:U0|myclk'
Slack : 0.563
TNS   : 0.000

Type  : Fast 1200mV 0C Model Setup 'debouncer_clk:sw3|clk_div:U0|myclk'
Slack : 0.564
TNS   : 0.000

Type  : Fast 1200mV 0C Model Setup 'debouncer_clk:sw0|clk_div:U0|myclk'
Slack : 0.566
TNS   : 0.000

Type  : Fast 1200mV 0C Model Setup 'en_clk:U0|en_1hz'
Slack : 0.626
TNS   : 0.000

Type  : Fast 1200mV 0C Model Hold 'clk'
Slack : 0.131
TNS   : 0.000

Type  : Fast 1200mV 0C Model Hold 'dip_sw[0]'
Slack : 0.181
TNS   : 0.000

Type  : Fast 1200mV 0C Model Hold 'debouncer_clk:sw0|clk_div:U0|myclk'
Slack : 0.204
TNS   : 0.000

Type  : Fast 1200mV 0C Model Hold 'debouncer_clk:sw3|clk_div:U0|myclk'
Slack : 0.207
TNS   : 0.000

Type  : Fast 1200mV 0C Model Hold 'debouncer_clk:sw1|clk_div:U0|myclk'
Slack : 0.208
TNS   : 0.000

Type  : Fast 1200mV 0C Model Hold 'en_clk:U0|en_1hz'
Slack : 0.208
TNS   : 0.000

Type  : Fast 1200mV 0C Model Hold 'debouncer_clk:sw2|clk_div:U0|myclk'
Slack : 0.280
TNS   : 0.000

Type  : Fast 1200mV 0C Model Minimum Pulse Width 'clk'
Slack : -3.000
TNS   : -641.039

Type  : Fast 1200mV 0C Model Minimum Pulse Width 'dip_sw[0]'
Slack : -3.000
TNS   : -3.000

Type  : Fast 1200mV 0C Model Minimum Pulse Width 'debouncer_clk:sw0|clk_div:U0|myclk'
Slack : -1.000
TNS   : -2.000

Type  : Fast 1200mV 0C Model Minimum Pulse Width 'debouncer_clk:sw1|clk_div:U0|myclk'
Slack : -1.000
TNS   : -2.000

Type  : Fast 1200mV 0C Model Minimum Pulse Width 'debouncer_clk:sw2|clk_div:U0|myclk'
Slack : -1.000
TNS   : -2.000

Type  : Fast 1200mV 0C Model Minimum Pulse Width 'debouncer_clk:sw3|clk_div:U0|myclk'
Slack : -1.000
TNS   : -2.000

Type  : Fast 1200mV 0C Model Minimum Pulse Width 'en_clk:U0|en_1hz'
Slack : -1.000
TNS   : -1.000

------------------------------------------------------------
