------------------------------------------------------------
Timing Analyzer Summary
------------------------------------------------------------

Type  : Slow 1200mV 85C Model Setup 'clk'
Slack : -125.232
TNS   : -5676.877

Type  : Slow 1200mV 85C Model Setup 'dip_sw[0]'
Slack : -2.385
TNS   : -29.252

Type  : Slow 1200mV 85C Model Setup 'debouncer_clk:sw2|clk_div:U0|myclk'
Slack : -0.201
TNS   : -0.201

Type  : Slow 1200mV 85C Model Setup 'debouncer_clk:sw1|clk_div:U0|myclk'
Slack : -0.199
TNS   : -0.199

Type  : Slow 1200mV 85C Model Setup 'debouncer_clk:sw3|clk_div:U0|myclk'
Slack : 0.010
TNS   : 0.000

Type  : Slow 1200mV 85C Model Setup 'debouncer_clk:sw0|clk_div:U0|myclk'
Slack : 0.012
TNS   : 0.000

Type  : Slow 1200mV 85C Model Setup 'en_clk:U0|en_1hz'
Slack : 0.114
TNS   : 0.000

Type  : Slow 1200mV 85C Model Hold 'dip_sw[0]'
Slack : 0.392
TNS   : 0.000

Type  : Slow 1200mV 85C Model Hold 'clk'
Slack : 0.451
TNS   : 0.000

Type  : Slow 1200mV 85C Model Hold 'en_clk:U0|en_1hz'
Slack : 0.497
TNS   : 0.000

Type  : Slow 1200mV 85C Model Hold 'debouncer_clk:sw0|clk_div:U0|myclk'
Slack : 0.526
TNS   : 0.000

Type  : Slow 1200mV 85C Model Hold 'debouncer_clk:sw3|clk_div:U0|myclk'
Slack : 0.528
TNS   : 0.000

Type  : Slow 1200mV 85C Model Hold 'debouncer_clk:sw1|clk_div:U0|myclk'
Slack : 0.726
TNS   : 0.000

Type  : Slow 1200mV 85C Model Hold 'debouncer_clk:sw2|clk_div:U0|myclk'
Slack : 0.727
TNS   : 0.000

Type  : Slow 1200mV 85C Model Minimum Pulse Width 'clk'
Slack : -3.000
TNS   : -1192.600

Type  : Slow 1200mV 85C Model Minimum Pulse Width 'dip_sw[0]'
Slack : -3.000
TNS   : -3.000

Type  : Slow 1200mV 85C Model Minimum Pulse Width 'debouncer_clk:sw0|clk_div:U0|myclk'
Slack : -1.487
TNS   : -2.974

Type  : Slow 1200mV 85C Model Minimum Pulse Width 'debouncer_clk:sw1|clk_div:U0|myclk'
Slack : -1.487
TNS   : -2.974

Type  : Slow 1200mV 85C Model Minimum Pulse Width 'debouncer_clk:sw2|clk_div:U0|myclk'
Slack : -1.487
TNS   : -2.974

Type  : Slow 1200mV 85C Model Minimum Pulse Width 'debouncer_clk:sw3|clk_div:U0|myclk'
Slack : -1.487
TNS   : -2.974

Type  : Slow 1200mV 85C Model Minimum Pulse Width 'en_clk:U0|en_1hz'
Slack : -1.487
TNS   : -1.487

Type  : Slow 1200mV 0C Model Setup 'clk'
Slack : -114.302
TNS   : -5247.837

Type  : Slow 1200mV 0C Model Setup 'dip_sw[0]'
Slack : -2.340
TNS   : -27.298

Type  : Slow 1200mV 0C Model Setup 'debouncer_clk:sw2|clk_div:U0|myclk'
Slack : -0.099
TNS   : -0.099

Type  : Slow 1200mV 0C Model Setup 'debouncer_clk:sw1|clk_div:U0|myclk'
Slack : -0.097
TNS   : -0.097

Type  : Slow 1200mV 0C Model Setup 'debouncer_clk:sw3|clk_div:U0|myclk'
Slack : 0.110
TNS   : 0.000

Type  : Slow 1200mV 0C Model Setup 'debouncer_clk:sw0|clk_div:U0|myclk'
Slack : 0.112
TNS   : 0.000

Type  : Slow 1200mV 0C Model Setup 'en_clk:U0|en_1hz'
Slack : 0.208
TNS   : 0.000

Type  : Slow 1200mV 0C Model Hold 'dip_sw[0]'
Slack : 0.220
TNS   : 0.000

Type  : Slow 1200mV 0C Model Hold 'clk'
Slack : 0.400
TNS   : 0.000

Type  : Slow 1200mV 0C Model Hold 'en_clk:U0|en_1hz'
Slack : 0.445
TNS   : 0.000

Type  : Slow 1200mV 0C Model Hold 'debouncer_clk:sw0|clk_div:U0|myclk'
Slack : 0.492
TNS   : 0.000

Type  : Slow 1200mV 0C Model Hold 'debouncer_clk:sw3|clk_div:U0|myclk'
Slack : 0.494
TNS   : 0.000

Type  : Slow 1200mV 0C Model Hold 'debouncer_clk:sw1|clk_div:U0|myclk'
Slack : 0.669
TNS   : 0.000

Type  : Slow 1200mV 0C Model Hold 'debouncer_clk:sw2|clk_div:U0|myclk'
Slack : 0.670
TNS   : 0.000

Type  : Slow 1200mV 0C Model Minimum Pulse Width 'clk'
Slack : -3.000
TNS   : -1192.600

Type  : Slow 1200mV 0C Model Minimum Pulse Width 'dip_sw[0]'
Slack : -3.000
TNS   : -3.000

Type  : Slow 1200mV 0C Model Minimum Pulse Width 'debouncer_clk:sw0|clk_div:U0|myclk'
Slack : -1.487
TNS   : -2.974

Type  : Slow 1200mV 0C Model Minimum Pulse Width 'debouncer_clk:sw1|clk_div:U0|myclk'
Slack : -1.487
TNS   : -2.974

Type  : Slow 1200mV 0C Model Minimum Pulse Width 'debouncer_clk:sw2|clk_div:U0|myclk'
Slack : -1.487
TNS   : -2.974

Type  : Slow 1200mV 0C Model Minimum Pulse Width 'debouncer_clk:sw3|clk_div:U0|myclk'
Slack : -1.487
TNS   : -2.974

Type  : Slow 1200mV 0C Model Minimum Pulse Width 'en_clk:U0|en_1hz'
Slack : -1.487
TNS   : -1.487

Type  : Fast 1200mV 0C Model Setup 'clk'
Slack : -52.652
TNS   : -2079.124

Type  : Fast 1200mV 0C Model Setup 'dip_sw[0]'
Slack : -0.415
TNS   : -4.867

Type  : Fast 1200mV 0C Model Setup 'debouncer_clk:sw2|clk_div:U0|myclk'
Slack : 0.497
TNS   : 0.000

Type  : Fast 1200mV 0C Model Setup 'debouncer_clk:sw1|clk_div:U0|myclk'
Slack : 0.498
TNS   : 0.000

Type  : Fast 1200mV 0C Model Setup 'debouncer_clk:sw3|clk_div:U0|myclk'
Slack : 0.564
TNS   : 0.000

Type  : Fast 1200mV 0C Model Setup 'debouncer_clk:sw0|clk_div:U0|myclk'
Slack : 0.566
TNS   : 0.000

Type  : Fast 1200mV 0C Model Setup 'en_clk:U0|en_1hz'
Slack : 0.626
TNS   : 0.000

Type  : Fast 1200mV 0C Model Hold 'clk'
Slack : 0.087
TNS   : 0.000

Type  : Fast 1200mV 0C Model Hold 'debouncer_clk:sw0|clk_div:U0|myclk'
Slack : 0.205
TNS   : 0.000

Type  : Fast 1200mV 0C Model Hold 'debouncer_clk:sw3|clk_div:U0|myclk'
Slack : 0.206
TNS   : 0.000

Type  : Fast 1200mV 0C Model Hold 'dip_sw[0]'
Slack : 0.207
TNS   : 0.000

Type  : Fast 1200mV 0C Model Hold 'en_clk:U0|en_1hz'
Slack : 0.208
TNS   : 0.000

Type  : Fast 1200mV 0C Model Hold 'debouncer_clk:sw1|clk_div:U0|myclk'
Slack : 0.279
TNS   : 0.000

Type  : Fast 1200mV 0C Model Hold 'debouncer_clk:sw2|clk_div:U0|myclk'
Slack : 0.281
TNS   : 0.000

Type  : Fast 1200mV 0C Model Minimum Pulse Width 'clk'
Slack : -3.000
TNS   : -857.108

Type  : Fast 1200mV 0C Model Minimum Pulse Width 'dip_sw[0]'
Slack : -3.000
TNS   : -3.000

Type  : Fast 1200mV 0C Model Minimum Pulse Width 'debouncer_clk:sw0|clk_div:U0|myclk'
Slack : -1.000
TNS   : -2.000

Type  : Fast 1200mV 0C Model Minimum Pulse Width 'debouncer_clk:sw1|clk_div:U0|myclk'
Slack : -1.000
TNS   : -2.000

Type  : Fast 1200mV 0C Model Minimum Pulse Width 'debouncer_clk:sw2|clk_div:U0|myclk'
Slack : -1.000
TNS   : -2.000

Type  : Fast 1200mV 0C Model Minimum Pulse Width 'debouncer_clk:sw3|clk_div:U0|myclk'
Slack : -1.000
TNS   : -2.000

Type  : Fast 1200mV 0C Model Minimum Pulse Width 'en_clk:U0|en_1hz'
Slack : -1.000
TNS   : -1.000

------------------------------------------------------------
